[2025-11-12 21:28:18,191] INFO: HSX DAP adapter starting (pid=1554415)
[2025-11-12 21:28:18,194] INFO: Connecting to executive at 127.0.0.1:9998 (PID 1, observer=False)
[2025-11-12 21:28:18,200] INFO: Loaded symbol map for pid 1 from /home/warloc/git/HSX/examples/demos/build/debug/longrun/main.sym
[2025-11-12 21:28:18,246] INFO: readMemory: address=0x00000000, count=128
[2025-11-12 21:28:18,249] INFO: readMemory: address=0x00000000, count=128
[2025-11-12 21:28:18,255] INFO: readMemory: address=0x0000FFFC, count=64
[2025-11-12 21:28:18,256] INFO: disassemble: view=around_pc count=0 reference=0x00000000
[2025-11-12 21:28:18,256] INFO: readMemory: address=0x0000FFFC, count=64
[2025-11-12 21:28:18,257] INFO: disassemble: view=around_pc count=0 reference=0x00000000
[2025-11-12 21:28:28,142] INFO: setBreakpoints: source=/home/warloc/git/HSX/examples/demos/longrun/main.c, count=1
[2025-11-12 21:28:28,142] DEBUG: Resolved /home/warloc/git/HSX/examples/demos/longrun/main.c:6 to addresses: ['0x003C', '0x0040', '0x0044', '0x0048', '0x004C']
[2025-11-12 21:28:28,143] INFO: Breakpoint set at /home/warloc/git/HSX/examples/demos/longrun/main.c:6 -> 0x003C
[2025-11-12 21:28:28,143] INFO: setBreakpoints: set 1 breakpoints for /home/warloc/git/HSX/examples/demos/longrun/main.c
[2025-11-12 21:28:31,654] INFO: Pause requested for PID 1
[2025-11-12 21:28:31,657] INFO: Pause completed for PID 1 (event)
[2025-11-12 21:28:31,657] INFO: Stopped event: reason=user_pause (no PC available)
[2025-11-12 21:28:31,658] INFO: Pause completed for PID 1 (pause)
[2025-11-12 21:28:31,658] INFO: Stopped event: reason=user_pause, pc=0x0000 (no source mapping)
[2025-11-12 21:28:31,658] INFO: readMemory: address=0x00000000, count=128
[2025-11-12 21:28:31,659] INFO: readMemory: address=0x00000000, count=128
[2025-11-12 21:28:31,661] INFO: readMemory: address=0x0000FFFC, count=64
[2025-11-12 21:28:31,662] INFO: disassemble: view=around_pc count=0 reference=0x00000000
[2025-11-12 21:28:31,667] INFO: readMemory: address=0x0000FFFC, count=64
[2025-11-12 21:28:31,668] INFO: disassemble: view=around_pc count=0 reference=0x00000000
[2025-11-12 21:28:32,985] INFO: Continue: resuming PID 1
[2025-11-12 21:28:32,988] INFO: readMemory: address=0x00000000, count=128
[2025-11-12 21:28:32,992] INFO: readMemory: address=0x00000000, count=128
[2025-11-12 21:28:32,997] INFO: readMemory: address=0x0000FFF8, count=64
[2025-11-12 21:28:32,999] INFO: disassemble: view=around_pc count=0 reference=0x00000008
[2025-11-12 21:28:33,003] INFO: Stopped event: reason=debug_break, pc=0x003C, source=longrun/main.c:6
[2025-11-12 21:28:33,003] INFO: DebugBreakEvent: pid=1, pc=0x003C, reason=breakpoint
[2025-11-12 21:28:33,003] DEBUG: Resolved source longrun/main.c -> /home/warloc/git/HSX/examples/demos/longrun/main.c (ref=1)
[2025-11-12 21:28:33,004] INFO: Stopped event: reason=breakpoint, pc=0x003C, source=longrun/main.c:6
[2025-11-12 21:28:33,004] INFO: readMemory: address=0x00000000, count=128
[2025-11-12 21:28:33,006] INFO: readMemory: address=0x00000000, count=128
[2025-11-12 21:28:33,007] INFO: readMemory: address=0x0000FFF4, count=64
[2025-11-12 21:28:33,009] INFO: disassemble: view=around_pc count=0 reference=0x00000010
[2025-11-12 21:28:33,031] INFO: readMemory: address=0x0000FFF0, count=64
[2025-11-12 21:28:33,039] INFO: disassemble: view=around_pc count=0 reference=0x0000003C
[2025-11-12 21:28:33,058] INFO: readMemory: address=0x0000FFF0, count=64
[2025-11-12 21:28:33,063] INFO: disassemble: view=around_pc count=0 reference=0x0000003C
[2025-11-12 21:28:33,075] DEBUG: Resolved source longrun/main.c -> /home/warloc/git/HSX/examples/demos/longrun/main.c (ref=1)
[2025-11-12 21:28:33,079] DEBUG: Resolved source longrun/main.c -> /home/warloc/git/HSX/examples/demos/longrun/main.c (ref=1)
[2025-11-12 21:28:49,536] INFO: readMemory: address=0x0000FFF0, count=64
[2025-11-12 21:28:55,066] INFO: disassemble: view=around_pc count=0 reference=0x0000003C
[2025-11-12 21:29:02,062] INFO: setBreakpoints: source=/home/warloc/git/HSX/examples/demos/longrun/main.c, count=0
[2025-11-12 21:29:02,063] INFO: setBreakpoints: set 0 breakpoints for /home/warloc/git/HSX/examples/demos/longrun/main.c
[2025-11-12 21:29:03,952] INFO: Continue: resuming PID 1
[2025-11-12 21:29:03,960] INFO: readMemory: address=0x00000000, count=128
[2025-11-12 21:29:03,969] INFO: readMemory: address=0x00000000, count=128
[2025-11-12 21:29:03,997] INFO: readMemory: address=0x0000FFF0, count=64
[2025-11-12 21:29:04,001] DEBUG: Resolved source longrun/main.c -> /home/warloc/git/HSX/examples/demos/longrun/main.c (ref=1)
[2025-11-12 21:29:04,002] DEBUG: Resolved source longrun/main.c -> /home/warloc/git/HSX/examples/demos/longrun/main.c (ref=1)
[2025-11-12 21:29:04,002] DEBUG: Resolved source longrun/main.c -> /home/warloc/git/HSX/examples/demos/longrun/main.c (ref=1)
[2025-11-12 21:29:04,003] DEBUG: Resolved source longrun/main.c -> /home/warloc/git/HSX/examples/demos/longrun/main.c (ref=1)
[2025-11-12 21:29:04,003] DEBUG: Resolved source longrun/main.c -> /home/warloc/git/HSX/examples/demos/longrun/main.c (ref=1)
[2025-11-12 21:29:04,004] DEBUG: Resolved source longrun/main.c -> /home/warloc/git/HSX/examples/demos/longrun/main.c (ref=1)
[2025-11-12 21:29:04,004] DEBUG: Resolved source longrun/main.c -> /home/warloc/git/HSX/examples/demos/longrun/main.c (ref=1)
[2025-11-12 21:29:04,005] DEBUG: Resolved source longrun/main.c -> /home/warloc/git/HSX/examples/demos/longrun/main.c (ref=1)
[2025-11-12 21:29:04,005] DEBUG: Resolved source longrun/main.c -> /home/warloc/git/HSX/examples/demos/longrun/main.c (ref=1)
[2025-11-12 21:29:04,005] DEBUG: Resolved source longrun/main.c -> /home/warloc/git/HSX/examples/demos/longrun/main.c (ref=1)
[2025-11-12 21:29:04,006] DEBUG: Resolved source longrun/main.c -> /home/warloc/git/HSX/examples/demos/longrun/main.c (ref=1)
[2025-11-12 21:29:04,006] DEBUG: Resolved source longrun/main.c -> /home/warloc/git/HSX/examples/demos/longrun/main.c (ref=1)
[2025-11-12 21:29:04,007] DEBUG: Resolved source longrun/main.c -> /home/warloc/git/HSX/examples/demos/longrun/main.c (ref=1)
[2025-11-12 21:29:04,007] DEBUG: Resolved source longrun/main.c -> /home/warloc/git/HSX/examples/demos/longrun/main.c (ref=1)
[2025-11-12 21:29:04,008] DEBUG: Resolved source longrun/main.c -> /home/warloc/git/HSX/examples/demos/longrun/main.c (ref=1)
[2025-11-12 21:29:04,008] DEBUG: Resolved source longrun/main.c -> /home/warloc/git/HSX/examples/demos/longrun/main.c (ref=1)
[2025-11-12 21:29:04,009] DEBUG: Resolved source longrun/main.c -> /home/warloc/git/HSX/examples/demos/longrun/main.c (ref=1)
[2025-11-12 21:29:04,009] DEBUG: Resolved source longrun/main.c -> /home/warloc/git/HSX/examples/demos/longrun/main.c (ref=1)
[2025-11-12 21:29:04,010] DEBUG: Resolved source longrun/main.c -> /home/warloc/git/HSX/examples/demos/longrun/main.c (ref=1)
[2025-11-12 21:29:04,010] DEBUG: Resolved source longrun/main.c -> /home/warloc/git/HSX/examples/demos/longrun/main.c (ref=1)
[2025-11-12 21:29:04,010] DEBUG: Resolved source longrun/main.c -> /home/warloc/git/HSX/examples/demos/longrun/main.c (ref=1)
[2025-11-12 21:29:04,011] DEBUG: Resolved source longrun/main.c -> /home/warloc/git/HSX/examples/demos/longrun/main.c (ref=1)
[2025-11-12 21:29:04,011] DEBUG: Resolved source longrun/main.c -> /home/warloc/git/HSX/examples/demos/longrun/main.c (ref=1)
[2025-11-12 21:29:04,011] INFO: disassemble: view=around_pc count=33 reference=0x00000048
[2025-11-12 21:29:04,012] INFO: readMemory: address=0x0000FFF0, count=64
[2025-11-12 21:29:04,014] DEBUG: Resolved source longrun/main.c -> /home/warloc/git/HSX/examples/demos/longrun/main.c (ref=1)
[2025-11-12 21:29:04,015] DEBUG: Resolved source longrun/main.c -> /home/warloc/git/HSX/examples/demos/longrun/main.c (ref=1)
[2025-11-12 21:29:04,015] DEBUG: Resolved source longrun/main.c -> /home/warloc/git/HSX/examples/demos/longrun/main.c (ref=1)
[2025-11-12 21:29:04,015] DEBUG: Resolved source longrun/main.c -> /home/warloc/git/HSX/examples/demos/longrun/main.c (ref=1)
[2025-11-12 21:29:04,016] DEBUG: Resolved source longrun/main.c -> /home/warloc/git/HSX/examples/demos/longrun/main.c (ref=1)
[2025-11-12 21:29:04,016] DEBUG: Resolved source longrun/main.c -> /home/warloc/git/HSX/examples/demos/longrun/main.c (ref=1)
[2025-11-12 21:29:04,017] DEBUG: Resolved source longrun/main.c -> /home/warloc/git/HSX/examples/demos/longrun/main.c (ref=1)
[2025-11-12 21:29:04,017] DEBUG: Resolved source longrun/main.c -> /home/warloc/git/HSX/examples/demos/longrun/main.c (ref=1)
[2025-11-12 21:29:04,017] DEBUG: Resolved source longrun/main.c -> /home/warloc/git/HSX/examples/demos/longrun/main.c (ref=1)
[2025-11-12 21:29:04,018] DEBUG: Resolved source longrun/main.c -> /home/warloc/git/HSX/examples/demos/longrun/main.c (ref=1)
[2025-11-12 21:29:04,018] DEBUG: Resolved source longrun/main.c -> /home/warloc/git/HSX/examples/demos/longrun/main.c (ref=1)
[2025-11-12 21:29:04,019] DEBUG: Resolved source longrun/main.c -> /home/warloc/git/HSX/examples/demos/longrun/main.c (ref=1)
[2025-11-12 21:29:04,019] DEBUG: Resolved source longrun/main.c -> /home/warloc/git/HSX/examples/demos/longrun/main.c (ref=1)
[2025-11-12 21:29:04,019] DEBUG: Resolved source longrun/main.c -> /home/warloc/git/HSX/examples/demos/longrun/main.c (ref=1)
[2025-11-12 21:29:04,020] DEBUG: Resolved source longrun/main.c -> /home/warloc/git/HSX/examples/demos/longrun/main.c (ref=1)
[2025-11-12 21:29:04,020] DEBUG: Resolved source longrun/main.c -> /home/warloc/git/HSX/examples/demos/longrun/main.c (ref=1)
[2025-11-12 21:29:04,020] DEBUG: Resolved source longrun/main.c -> /home/warloc/git/HSX/examples/demos/longrun/main.c (ref=1)
[2025-11-12 21:29:04,021] DEBUG: Resolved source longrun/main.c -> /home/warloc/git/HSX/examples/demos/longrun/main.c (ref=1)
[2025-11-12 21:29:04,021] DEBUG: Resolved source longrun/main.c -> /home/warloc/git/HSX/examples/demos/longrun/main.c (ref=1)
[2025-11-12 21:29:04,022] DEBUG: Resolved source longrun/main.c -> /home/warloc/git/HSX/examples/demos/longrun/main.c (ref=1)
[2025-11-12 21:29:04,022] DEBUG: Resolved source longrun/main.c -> /home/warloc/git/HSX/examples/demos/longrun/main.c (ref=1)
[2025-11-12 21:29:04,022] DEBUG: Resolved source longrun/main.c -> /home/warloc/git/HSX/examples/demos/longrun/main.c (ref=1)
[2025-11-12 21:29:04,023] DEBUG: Resolved source longrun/main.c -> /home/warloc/git/HSX/examples/demos/longrun/main.c (ref=1)
[2025-11-12 21:29:04,023] DEBUG: Resolved source longrun/main.c -> /home/warloc/git/HSX/examples/demos/longrun/main.c (ref=1)
[2025-11-12 21:29:04,023] DEBUG: Resolved source longrun/main.c -> /home/warloc/git/HSX/examples/demos/longrun/main.c (ref=1)
[2025-11-12 21:29:04,024] DEBUG: Resolved source longrun/main.c -> /home/warloc/git/HSX/examples/demos/longrun/main.c (ref=1)
[2025-11-12 21:29:04,024] INFO: disassemble: view=around_pc count=33 reference=0x00000054
[2025-11-12 21:29:11,426] INFO: Pause requested for PID 1
[2025-11-12 21:29:11,427] INFO: Pause completed for PID 1 (event)
[2025-11-12 21:29:11,427] INFO: Stopped event: reason=user_pause (no PC available)
[2025-11-12 21:29:11,428] INFO: Pause completed for PID 1 (pause)
[2025-11-12 21:29:11,429] DEBUG: Resolved source longrun/main.c -> /home/warloc/git/HSX/examples/demos/longrun/main.c (ref=1)
[2025-11-12 21:29:11,429] INFO: Stopped event: reason=user_pause, pc=0x0094, source=longrun/main.c:5
[2025-11-12 21:29:11,429] INFO: readMemory: address=0x00000000, count=128
[2025-11-12 21:29:11,430] INFO: readMemory: address=0x00000000, count=128
[2025-11-12 21:29:11,433] DEBUG: Resolved source longrun/main.c -> /home/warloc/git/HSX/examples/demos/longrun/main.c (ref=1)
[2025-11-12 21:29:11,433] INFO: readMemory: address=0x0000FFF0, count=64
[2025-11-12 21:29:11,435] DEBUG: Resolved source longrun/main.c -> /home/warloc/git/HSX/examples/demos/longrun/main.c (ref=1)
[2025-11-12 21:29:11,435] DEBUG: Resolved source longrun/main.c -> /home/warloc/git/HSX/examples/demos/longrun/main.c (ref=1)
[2025-11-12 21:29:11,435] DEBUG: Resolved source longrun/main.c -> /home/warloc/git/HSX/examples/demos/longrun/main.c (ref=1)
[2025-11-12 21:29:11,436] DEBUG: Resolved source longrun/main.c -> /home/warloc/git/HSX/examples/demos/longrun/main.c (ref=1)
[2025-11-12 21:29:11,436] DEBUG: Resolved source longrun/main.c -> /home/warloc/git/HSX/examples/demos/longrun/main.c (ref=1)
[2025-11-12 21:29:11,436] DEBUG: Resolved source longrun/main.c -> /home/warloc/git/HSX/examples/demos/longrun/main.c (ref=1)
[2025-11-12 21:29:11,437] DEBUG: Resolved source longrun/main.c -> /home/warloc/git/HSX/examples/demos/longrun/main.c (ref=1)
[2025-11-12 21:29:11,437] DEBUG: Resolved source longrun/main.c -> /home/warloc/git/HSX/examples/demos/longrun/main.c (ref=1)
[2025-11-12 21:29:11,437] DEBUG: Resolved source longrun/main.c -> /home/warloc/git/HSX/examples/demos/longrun/main.c (ref=1)
[2025-11-12 21:29:11,438] DEBUG: Resolved source longrun/main.c -> /home/warloc/git/HSX/examples/demos/longrun/main.c (ref=1)
[2025-11-12 21:29:11,438] DEBUG: Resolved source longrun/main.c -> /home/warloc/git/HSX/examples/demos/longrun/main.c (ref=1)
[2025-11-12 21:29:11,438] DEBUG: Resolved source longrun/main.c -> /home/warloc/git/HSX/examples/demos/longrun/main.c (ref=1)
[2025-11-12 21:29:11,439] DEBUG: Resolved source longrun/main.c -> /home/warloc/git/HSX/examples/demos/longrun/main.c (ref=1)
[2025-11-12 21:29:11,439] DEBUG: Resolved source longrun/main.c -> /home/warloc/git/HSX/examples/demos/longrun/main.c (ref=1)
[2025-11-12 21:29:11,439] DEBUG: Resolved source longrun/main.c -> /home/warloc/git/HSX/examples/demos/longrun/main.c (ref=1)
[2025-11-12 21:29:11,440] DEBUG: Resolved source longrun/main.c -> /home/warloc/git/HSX/examples/demos/longrun/main.c (ref=1)
[2025-11-12 21:29:11,440] DEBUG: Resolved source longrun/main.c -> /home/warloc/git/HSX/examples/demos/longrun/main.c (ref=1)
[2025-11-12 21:29:11,440] INFO: disassemble: view=around_pc count=17 reference=0x00000094
[2025-11-12 21:29:11,443] INFO: readMemory: address=0x0000FFF0, count=64
[2025-11-12 21:29:11,449] DEBUG: Resolved source longrun/main.c -> /home/warloc/git/HSX/examples/demos/longrun/main.c (ref=1)
[2025-11-12 21:29:11,449] DEBUG: Resolved source longrun/main.c -> /home/warloc/git/HSX/examples/demos/longrun/main.c (ref=1)
[2025-11-12 21:29:11,449] DEBUG: Resolved source longrun/main.c -> /home/warloc/git/HSX/examples/demos/longrun/main.c (ref=1)
[2025-11-12 21:29:11,449] DEBUG: Resolved source longrun/main.c -> /home/warloc/git/HSX/examples/demos/longrun/main.c (ref=1)
[2025-11-12 21:29:11,449] DEBUG: Resolved source longrun/main.c -> /home/warloc/git/HSX/examples/demos/longrun/main.c (ref=1)
[2025-11-12 21:29:11,450] DEBUG: Resolved source longrun/main.c -> /home/warloc/git/HSX/examples/demos/longrun/main.c (ref=1)
[2025-11-12 21:29:11,450] DEBUG: Resolved source longrun/main.c -> /home/warloc/git/HSX/examples/demos/longrun/main.c (ref=1)
[2025-11-12 21:29:11,450] DEBUG: Resolved source longrun/main.c -> /home/warloc/git/HSX/examples/demos/longrun/main.c (ref=1)
[2025-11-12 21:29:11,450] DEBUG: Resolved source longrun/main.c -> /home/warloc/git/HSX/examples/demos/longrun/main.c (ref=1)
[2025-11-12 21:29:11,451] DEBUG: Resolved source longrun/main.c -> /home/warloc/git/HSX/examples/demos/longrun/main.c (ref=1)
[2025-11-12 21:29:11,451] DEBUG: Resolved source longrun/main.c -> /home/warloc/git/HSX/examples/demos/longrun/main.c (ref=1)
[2025-11-12 21:29:11,451] DEBUG: Resolved source longrun/main.c -> /home/warloc/git/HSX/examples/demos/longrun/main.c (ref=1)
[2025-11-12 21:29:11,451] DEBUG: Resolved source longrun/main.c -> /home/warloc/git/HSX/examples/demos/longrun/main.c (ref=1)
[2025-11-12 21:29:11,451] DEBUG: Resolved source longrun/main.c -> /home/warloc/git/HSX/examples/demos/longrun/main.c (ref=1)
[2025-11-12 21:29:11,452] DEBUG: Resolved source longrun/main.c -> /home/warloc/git/HSX/examples/demos/longrun/main.c (ref=1)
[2025-11-12 21:29:11,452] DEBUG: Resolved source longrun/main.c -> /home/warloc/git/HSX/examples/demos/longrun/main.c (ref=1)
[2025-11-12 21:29:11,452] DEBUG: Resolved source longrun/main.c -> /home/warloc/git/HSX/examples/demos/longrun/main.c (ref=1)
[2025-11-12 21:29:11,452] INFO: disassemble: view=around_pc count=17 reference=0x00000094
[2025-11-12 21:29:11,453] DEBUG: Resolved source longrun/main.c -> /home/warloc/git/HSX/examples/demos/longrun/main.c (ref=1)
[2025-11-12 21:29:24,783] INFO: setBreakpoints: source=/home/warloc/git/HSX/examples/demos/longrun/main.c, count=1
[2025-11-12 21:29:24,783] DEBUG: Resolved /home/warloc/git/HSX/examples/demos/longrun/main.c:6 to addresses: ['0x003C', '0x0040', '0x0044', '0x0048', '0x004C']
[2025-11-12 21:29:24,785] INFO: Breakpoint set at /home/warloc/git/HSX/examples/demos/longrun/main.c:6 -> 0x003C
[2025-11-12 21:29:24,785] INFO: setBreakpoints: set 1 breakpoints for /home/warloc/git/HSX/examples/demos/longrun/main.c
[2025-11-12 21:29:26,657] INFO: Continue: resuming PID 1
[2025-11-12 21:29:26,665] INFO: readMemory: address=0x00000000, count=128
[2025-11-12 21:29:26,674] INFO: readMemory: address=0x0000FFF0, count=64
[2025-11-12 21:29:26,675] INFO: disassemble: view=around_pc count=0 reference=0x0000003C
[2025-11-12 21:29:28,446] INFO: Pause requested for PID 1
[2025-11-12 21:29:28,451] INFO: Pause completed for PID 1 (pause)
[2025-11-12 21:29:28,453] DEBUG: Resolved source longrun/main.c -> /home/warloc/git/HSX/examples/demos/longrun/main.c (ref=1)
[2025-11-12 21:29:28,453] INFO: Stopped event: reason=user_pause, pc=0x003C, source=longrun/main.c:6
[2025-11-12 21:29:28,456] INFO: readMemory: address=0x00000000, count=128
[2025-11-12 21:29:28,482] INFO: readMemory: address=0x0000FFF0, count=64
[2025-11-12 21:29:28,486] DEBUG: Resolved source longrun/main.c -> /home/warloc/git/HSX/examples/demos/longrun/main.c (ref=1)
[2025-11-12 21:29:28,489] INFO: disassemble: view=around_pc count=0 reference=0x0000003C
[2025-11-12 21:29:31,898] INFO: setBreakpoints: source=/home/warloc/git/HSX/examples/demos/longrun/main.c, count=0
[2025-11-12 21:29:31,900] INFO: setBreakpoints: set 0 breakpoints for /home/warloc/git/HSX/examples/demos/longrun/main.c
[2025-11-12 21:29:33,131] INFO: Continue: resuming PID 1
[2025-11-12 21:29:33,133] INFO: readMemory: address=0x00000000, count=128
[2025-11-12 21:29:33,139] INFO: readMemory: address=0x0000FFF0, count=64
[2025-11-12 21:29:33,143] DEBUG: Resolved source longrun/main.c -> /home/warloc/git/HSX/examples/demos/longrun/main.c (ref=1)
[2025-11-12 21:29:33,144] DEBUG: Resolved source longrun/main.c -> /home/warloc/git/HSX/examples/demos/longrun/main.c (ref=1)
[2025-11-12 21:29:33,145] DEBUG: Resolved source longrun/main.c -> /home/warloc/git/HSX/examples/demos/longrun/main.c (ref=1)
[2025-11-12 21:29:33,145] DEBUG: Resolved source longrun/main.c -> /home/warloc/git/HSX/examples/demos/longrun/main.c (ref=1)
[2025-11-12 21:29:33,146] DEBUG: Resolved source longrun/main.c -> /home/warloc/git/HSX/examples/demos/longrun/main.c (ref=1)
[2025-11-12 21:29:33,147] DEBUG: Resolved source longrun/main.c -> /home/warloc/git/HSX/examples/demos/longrun/main.c (ref=1)
[2025-11-12 21:29:33,147] DEBUG: Resolved source longrun/main.c -> /home/warloc/git/HSX/examples/demos/longrun/main.c (ref=1)
[2025-11-12 21:29:33,148] DEBUG: Resolved source longrun/main.c -> /home/warloc/git/HSX/examples/demos/longrun/main.c (ref=1)
[2025-11-12 21:29:33,149] DEBUG: Resolved source longrun/main.c -> /home/warloc/git/HSX/examples/demos/longrun/main.c (ref=1)
[2025-11-12 21:29:33,149] DEBUG: Resolved source longrun/main.c -> /home/warloc/git/HSX/examples/demos/longrun/main.c (ref=1)
[2025-11-12 21:29:33,150] DEBUG: Resolved source longrun/main.c -> /home/warloc/git/HSX/examples/demos/longrun/main.c (ref=1)
[2025-11-12 21:29:33,151] DEBUG: Resolved source longrun/main.c -> /home/warloc/git/HSX/examples/demos/longrun/main.c (ref=1)
[2025-11-12 21:29:33,151] DEBUG: Resolved source longrun/main.c -> /home/warloc/git/HSX/examples/demos/longrun/main.c (ref=1)
[2025-11-12 21:29:33,152] DEBUG: Resolved source longrun/main.c -> /home/warloc/git/HSX/examples/demos/longrun/main.c (ref=1)
[2025-11-12 21:29:33,153] DEBUG: Resolved source longrun/main.c -> /home/warloc/git/HSX/examples/demos/longrun/main.c (ref=1)
[2025-11-12 21:29:33,153] DEBUG: Resolved source longrun/main.c -> /home/warloc/git/HSX/examples/demos/longrun/main.c (ref=1)
[2025-11-12 21:29:33,154] DEBUG: Resolved source longrun/main.c -> /home/warloc/git/HSX/examples/demos/longrun/main.c (ref=1)
[2025-11-12 21:29:33,155] DEBUG: Resolved source longrun/main.c -> /home/warloc/git/HSX/examples/demos/longrun/main.c (ref=1)
[2025-11-12 21:29:33,155] DEBUG: Resolved source longrun/main.c -> /home/warloc/git/HSX/examples/demos/longrun/main.c (ref=1)
[2025-11-12 21:29:33,156] DEBUG: Resolved source longrun/main.c -> /home/warloc/git/HSX/examples/demos/longrun/main.c (ref=1)
[2025-11-12 21:29:33,157] DEBUG: Resolved source longrun/main.c -> /home/warloc/git/HSX/examples/demos/longrun/main.c (ref=1)
[2025-11-12 21:29:33,157] DEBUG: Resolved source longrun/main.c -> /home/warloc/git/HSX/examples/demos/longrun/main.c (ref=1)
[2025-11-12 21:29:33,158] DEBUG: Resolved source longrun/main.c -> /home/warloc/git/HSX/examples/demos/longrun/main.c (ref=1)
[2025-11-12 21:29:33,159] DEBUG: Resolved source longrun/main.c -> /home/warloc/git/HSX/examples/demos/longrun/main.c (ref=1)
[2025-11-12 21:29:33,160] DEBUG: Resolved source longrun/main.c -> /home/warloc/git/HSX/examples/demos/longrun/main.c (ref=1)
[2025-11-12 21:29:33,160] INFO: disassemble: view=around_pc count=33 reference=0x00000050
[2025-11-12 21:29:36,037] INFO: Pause requested for PID 1
[2025-11-12 21:29:36,039] INFO: Pause completed for PID 1 (pause)
[2025-11-12 21:29:36,039] DEBUG: Resolved source longrun/main.c -> /home/warloc/git/HSX/examples/demos/longrun/main.c (ref=1)
[2025-11-12 21:29:36,040] INFO: Stopped event: reason=user_pause, pc=0x0044, source=longrun/main.c:6
[2025-11-12 21:29:36,040] INFO: readMemory: address=0x00000000, count=128
[2025-11-12 21:29:36,042] INFO: readMemory: address=0x0000FFF0, count=64
[2025-11-12 21:29:36,047] DEBUG: Resolved source longrun/main.c -> /home/warloc/git/HSX/examples/demos/longrun/main.c (ref=1)
[2025-11-12 21:29:36,049] DEBUG: Resolved source longrun/main.c -> /home/warloc/git/HSX/examples/demos/longrun/main.c (ref=1)
[2025-11-12 21:29:36,049] DEBUG: Resolved source longrun/main.c -> /home/warloc/git/HSX/examples/demos/longrun/main.c (ref=1)
[2025-11-12 21:29:36,050] DEBUG: Resolved source longrun/main.c -> /home/warloc/git/HSX/examples/demos/longrun/main.c (ref=1)
[2025-11-12 21:29:36,050] DEBUG: Resolved source longrun/main.c -> /home/warloc/git/HSX/examples/demos/longrun/main.c (ref=1)
[2025-11-12 21:29:36,050] DEBUG: Resolved source longrun/main.c -> /home/warloc/git/HSX/examples/demos/longrun/main.c (ref=1)
[2025-11-12 21:29:36,051] DEBUG: Resolved source longrun/main.c -> /home/warloc/git/HSX/examples/demos/longrun/main.c (ref=1)
[2025-11-12 21:29:36,051] DEBUG: Resolved source longrun/main.c -> /home/warloc/git/HSX/examples/demos/longrun/main.c (ref=1)
[2025-11-12 21:29:36,051] DEBUG: Resolved source longrun/main.c -> /home/warloc/git/HSX/examples/demos/longrun/main.c (ref=1)
[2025-11-12 21:29:36,051] DEBUG: Resolved source longrun/main.c -> /home/warloc/git/HSX/examples/demos/longrun/main.c (ref=1)
[2025-11-12 21:29:36,052] DEBUG: Resolved source longrun/main.c -> /home/warloc/git/HSX/examples/demos/longrun/main.c (ref=1)
[2025-11-12 21:29:36,052] DEBUG: Resolved source longrun/main.c -> /home/warloc/git/HSX/examples/demos/longrun/main.c (ref=1)
[2025-11-12 21:29:36,052] DEBUG: Resolved source longrun/main.c -> /home/warloc/git/HSX/examples/demos/longrun/main.c (ref=1)
[2025-11-12 21:29:36,053] DEBUG: Resolved source longrun/main.c -> /home/warloc/git/HSX/examples/demos/longrun/main.c (ref=1)
[2025-11-12 21:29:36,053] DEBUG: Resolved source longrun/main.c -> /home/warloc/git/HSX/examples/demos/longrun/main.c (ref=1)
[2025-11-12 21:29:36,053] DEBUG: Resolved source longrun/main.c -> /home/warloc/git/HSX/examples/demos/longrun/main.c (ref=1)
[2025-11-12 21:29:36,054] DEBUG: Resolved source longrun/main.c -> /home/warloc/git/HSX/examples/demos/longrun/main.c (ref=1)
[2025-11-12 21:29:36,054] DEBUG: Resolved source longrun/main.c -> /home/warloc/git/HSX/examples/demos/longrun/main.c (ref=1)
[2025-11-12 21:29:36,054] DEBUG: Resolved source longrun/main.c -> /home/warloc/git/HSX/examples/demos/longrun/main.c (ref=1)
[2025-11-12 21:29:36,055] DEBUG: Resolved source longrun/main.c -> /home/warloc/git/HSX/examples/demos/longrun/main.c (ref=1)
[2025-11-12 21:29:36,055] DEBUG: Resolved source longrun/main.c -> /home/warloc/git/HSX/examples/demos/longrun/main.c (ref=1)
[2025-11-12 21:29:36,055] DEBUG: Resolved source longrun/main.c -> /home/warloc/git/HSX/examples/demos/longrun/main.c (ref=1)
[2025-11-12 21:29:36,056] DEBUG: Resolved source longrun/main.c -> /home/warloc/git/HSX/examples/demos/longrun/main.c (ref=1)
[2025-11-12 21:29:36,056] INFO: disassemble: view=around_pc count=33 reference=0x00000044
[2025-11-12 21:31:58,120] INFO: setBreakpoints: source=/home/warloc/git/HSX/examples/demos/longrun/main.c, count=1
[2025-11-12 21:31:58,120] DEBUG: Resolved /home/warloc/git/HSX/examples/demos/longrun/main.c:7 to addresses: ['0x0050', '0x0054', '0x0058', '0x005C', '0x0060', '0x0064', '0x0068', '0x006C', '0x0070', '0x0074', '0x0078', '0x007C', '0x0080', '0x0084']
[2025-11-12 21:31:58,121] INFO: Breakpoint set at /home/warloc/git/HSX/examples/demos/longrun/main.c:7 -> 0x0050
[2025-11-12 21:31:58,121] INFO: setBreakpoints: set 1 breakpoints for /home/warloc/git/HSX/examples/demos/longrun/main.c
[2025-11-12 21:31:59,238] INFO: setBreakpoints: source=/home/warloc/git/HSX/examples/demos/longrun/main.c, count=2
[2025-11-12 21:31:59,239] DEBUG: Resolved /home/warloc/git/HSX/examples/demos/longrun/main.c:6 to addresses: ['0x003C', '0x0040', '0x0044', '0x0048', '0x004C']
[2025-11-12 21:31:59,239] INFO: Breakpoint set at /home/warloc/git/HSX/examples/demos/longrun/main.c:6 -> 0x003C
[2025-11-12 21:31:59,240] DEBUG: Resolved /home/warloc/git/HSX/examples/demos/longrun/main.c:7 to addresses: ['0x0050', '0x0054', '0x0058', '0x005C', '0x0060', '0x0064', '0x0068', '0x006C', '0x0070', '0x0074', '0x0078', '0x007C', '0x0080', '0x0084']
[2025-11-12 21:31:59,240] INFO: Breakpoint set at /home/warloc/git/HSX/examples/demos/longrun/main.c:7 -> 0x0050
[2025-11-12 21:31:59,240] INFO: setBreakpoints: set 2 breakpoints for /home/warloc/git/HSX/examples/demos/longrun/main.c
[2025-11-12 21:32:00,918] INFO: setBreakpoints: source=/home/warloc/git/HSX/examples/demos/longrun/main.c, count=1
[2025-11-12 21:32:00,922] DEBUG: Resolved /home/warloc/git/HSX/examples/demos/longrun/main.c:6 to addresses: ['0x003C', '0x0040', '0x0044', '0x0048', '0x004C']
[2025-11-12 21:32:00,924] INFO: Breakpoint set at /home/warloc/git/HSX/examples/demos/longrun/main.c:6 -> 0x003C
[2025-11-12 21:32:00,924] INFO: setBreakpoints: set 1 breakpoints for /home/warloc/git/HSX/examples/demos/longrun/main.c
[2025-11-12 21:32:03,626] INFO: Continue: resuming PID 1
[2025-11-12 21:32:03,628] INFO: readMemory: address=0x00000000, count=128
[2025-11-12 21:32:03,632] INFO: readMemory: address=0x0000FFF0, count=64
[2025-11-12 21:32:03,634] DEBUG: Resolved source longrun/main.c -> /home/warloc/git/HSX/examples/demos/longrun/main.c (ref=1)
[2025-11-12 21:32:03,635] DEBUG: Resolved source longrun/main.c -> /home/warloc/git/HSX/examples/demos/longrun/main.c (ref=1)
[2025-11-12 21:32:03,635] DEBUG: Resolved source longrun/main.c -> /home/warloc/git/HSX/examples/demos/longrun/main.c (ref=1)
[2025-11-12 21:32:03,636] DEBUG: Resolved source longrun/main.c -> /home/warloc/git/HSX/examples/demos/longrun/main.c (ref=1)
[2025-11-12 21:32:03,636] DEBUG: Resolved source longrun/main.c -> /home/warloc/git/HSX/examples/demos/longrun/main.c (ref=1)
[2025-11-12 21:32:03,636] DEBUG: Resolved source longrun/main.c -> /home/warloc/git/HSX/examples/demos/longrun/main.c (ref=1)
[2025-11-12 21:32:03,637] DEBUG: Resolved source longrun/main.c -> /home/warloc/git/HSX/examples/demos/longrun/main.c (ref=1)
[2025-11-12 21:32:03,637] DEBUG: Resolved source longrun/main.c -> /home/warloc/git/HSX/examples/demos/longrun/main.c (ref=1)
[2025-11-12 21:32:03,637] DEBUG: Resolved source longrun/main.c -> /home/warloc/git/HSX/examples/demos/longrun/main.c (ref=1)
[2025-11-12 21:32:03,638] DEBUG: Resolved source longrun/main.c -> /home/warloc/git/HSX/examples/demos/longrun/main.c (ref=1)
[2025-11-12 21:32:03,638] DEBUG: Resolved source longrun/main.c -> /home/warloc/git/HSX/examples/demos/longrun/main.c (ref=1)
[2025-11-12 21:32:03,638] DEBUG: Resolved source longrun/main.c -> /home/warloc/git/HSX/examples/demos/longrun/main.c (ref=1)
[2025-11-12 21:32:03,639] DEBUG: Resolved source longrun/main.c -> /home/warloc/git/HSX/examples/demos/longrun/main.c (ref=1)
[2025-11-12 21:32:03,639] DEBUG: Resolved source longrun/main.c -> /home/warloc/git/HSX/examples/demos/longrun/main.c (ref=1)
[2025-11-12 21:32:03,639] DEBUG: Resolved source longrun/main.c -> /home/warloc/git/HSX/examples/demos/longrun/main.c (ref=1)
[2025-11-12 21:32:03,640] DEBUG: Resolved source longrun/main.c -> /home/warloc/git/HSX/examples/demos/longrun/main.c (ref=1)
[2025-11-12 21:32:03,640] DEBUG: Resolved source longrun/main.c -> /home/warloc/git/HSX/examples/demos/longrun/main.c (ref=1)
[2025-11-12 21:32:03,640] DEBUG: Resolved source longrun/main.c -> /home/warloc/git/HSX/examples/demos/longrun/main.c (ref=1)
[2025-11-12 21:32:03,641] DEBUG: Resolved source longrun/main.c -> /home/warloc/git/HSX/examples/demos/longrun/main.c (ref=1)
[2025-11-12 21:32:03,641] DEBUG: Resolved source longrun/main.c -> /home/warloc/git/HSX/examples/demos/longrun/main.c (ref=1)
[2025-11-12 21:32:03,641] DEBUG: Resolved source longrun/main.c -> /home/warloc/git/HSX/examples/demos/longrun/main.c (ref=1)
[2025-11-12 21:32:03,642] DEBUG: Resolved source longrun/main.c -> /home/warloc/git/HSX/examples/demos/longrun/main.c (ref=1)
[2025-11-12 21:32:03,642] INFO: disassemble: view=around_pc count=33 reference=0x00000044
[2025-11-12 21:32:05,801] INFO: Pause requested for PID 1
[2025-11-12 21:32:05,807] INFO: Pause completed for PID 1 (pause)
[2025-11-12 21:32:05,809] DEBUG: Resolved source longrun/main.c -> /home/warloc/git/HSX/examples/demos/longrun/main.c (ref=1)
[2025-11-12 21:32:05,809] INFO: Stopped event: reason=user_pause, pc=0x003C, source=longrun/main.c:6
[2025-11-12 21:32:05,812] INFO: readMemory: address=0x00000000, count=128
[2025-11-12 21:32:05,819] INFO: readMemory: address=0x0000FFF0, count=64
[2025-11-12 21:32:05,827] DEBUG: Resolved source longrun/main.c -> /home/warloc/git/HSX/examples/demos/longrun/main.c (ref=1)
[2025-11-12 21:32:05,830] INFO: disassemble: view=around_pc count=0 reference=0x0000003C
[2025-11-12 21:32:07,855] INFO: Continue: resuming PID 1
[2025-11-12 21:32:07,911] INFO: readMemory: address=0x00000000, count=128
[2025-11-12 21:32:07,913] INFO: readMemory: address=0x0000FFF0, count=64
[2025-11-12 21:32:07,915] INFO: disassemble: view=around_pc count=0 reference=0x0000003C
[2025-11-12 21:32:09,526] INFO: Pause requested for PID 1
[2025-11-12 21:32:09,531] INFO: Pause completed for PID 1 (pause)
[2025-11-12 21:32:09,533] DEBUG: Resolved source longrun/main.c -> /home/warloc/git/HSX/examples/demos/longrun/main.c (ref=1)
[2025-11-12 21:32:09,533] INFO: Stopped event: reason=user_pause, pc=0x003C, source=longrun/main.c:6
[2025-11-12 21:32:09,535] INFO: readMemory: address=0x00000000, count=128
[2025-11-12 21:32:09,544] INFO: readMemory: address=0x0000FFF0, count=64
[2025-11-12 21:32:09,549] DEBUG: Resolved source longrun/main.c -> /home/warloc/git/HSX/examples/demos/longrun/main.c (ref=1)
[2025-11-12 21:32:09,554] INFO: disassemble: view=around_pc count=0 reference=0x0000003C
[2025-11-12 21:32:34,680] INFO: disassemble: view=around_pc count=0 reference=0x0000003C
[2025-11-12 21:32:35,218] INFO: disassemble: view=around_pc count=0 reference=0x0000003C
[2025-11-12 21:33:47,668] INFO: setBreakpoints: source=/home/warloc/git/HSX/examples/demos/longrun/main.c, count=0
[2025-11-12 21:33:47,670] INFO: setBreakpoints: set 0 breakpoints for /home/warloc/git/HSX/examples/demos/longrun/main.c
[2025-11-12 21:33:49,093] INFO: Continue: resuming PID 1
[2025-11-12 21:33:49,101] INFO: readMemory: address=0x00000000, count=128
[2025-11-12 21:33:49,125] INFO: readMemory: address=0x0000FFF0, count=64
[2025-11-12 21:33:49,127] INFO: disassemble: view=around_pc count=0 reference=0x0000003C
[2025-11-12 21:33:58,878] INFO: setBreakpoints: source=/home/warloc/git/HSX/examples/demos/longrun/main.c, count=1
[2025-11-12 21:33:58,879] DEBUG: Resolved /home/warloc/git/HSX/examples/demos/longrun/main.c:6 to addresses: ['0x003C', '0x0040', '0x0044', '0x0048', '0x004C']
[2025-11-12 21:33:58,880] INFO: Breakpoint set at /home/warloc/git/HSX/examples/demos/longrun/main.c:6 -> 0x003C
[2025-11-12 21:33:58,880] INFO: setBreakpoints: set 1 breakpoints for /home/warloc/git/HSX/examples/demos/longrun/main.c
[2025-11-12 21:34:21,508] INFO: Pause requested for PID 1
[2025-11-12 21:34:21,510] INFO: Pause completed for PID 1 (pause)
[2025-11-12 21:34:21,510] DEBUG: Resolved source longrun/main.c -> /home/warloc/git/HSX/examples/demos/longrun/main.c (ref=1)
[2025-11-12 21:34:21,510] INFO: Stopped event: reason=user_pause, pc=0x003C, source=longrun/main.c:6
[2025-11-12 21:34:21,511] INFO: readMemory: address=0x00000000, count=128
[2025-11-12 21:34:21,513] INFO: readMemory: address=0x0000FFF0, count=64
[2025-11-12 21:34:21,514] DEBUG: Resolved source longrun/main.c -> /home/warloc/git/HSX/examples/demos/longrun/main.c (ref=1)
[2025-11-12 21:34:21,515] INFO: disassemble: view=around_pc count=0 reference=0x0000003C
[2025-11-12 21:34:24,540] INFO: Continue: resuming PID 1
[2025-11-12 21:34:24,542] INFO: readMemory: address=0x00000000, count=128
[2025-11-12 21:34:24,546] INFO: readMemory: address=0x0000FFF0, count=64
[2025-11-12 21:34:24,547] INFO: disassemble: view=around_pc count=0 reference=0x0000003C
[2025-11-12 21:36:02,107] INFO: Pause requested for PID 1
[2025-11-12 21:36:02,113] INFO: Pause completed for PID 1 (pause)
[2025-11-12 21:36:02,115] DEBUG: Resolved source longrun/main.c -> /home/warloc/git/HSX/examples/demos/longrun/main.c (ref=1)
[2025-11-12 21:36:02,115] INFO: Stopped event: reason=user_pause, pc=0x003C, source=longrun/main.c:6
[2025-11-12 21:36:02,117] INFO: readMemory: address=0x00000000, count=128
[2025-11-12 21:36:02,126] INFO: readMemory: address=0x0000FFF0, count=64
[2025-11-12 21:36:02,134] DEBUG: Resolved source longrun/main.c -> /home/warloc/git/HSX/examples/demos/longrun/main.c (ref=1)
[2025-11-12 21:36:02,138] INFO: disassemble: view=around_pc count=0 reference=0x0000003C
[2025-11-12 21:36:06,326] INFO: disassemble: view=around_pc count=0 reference=0x0000003C
[2025-11-12 21:36:06,518] INFO: disassemble: view=around_pc count=0 reference=0x0000003C
[2025-11-12 21:36:07,721] INFO: setBreakpoints: source=/home/warloc/git/HSX/examples/demos/longrun/main.c, count=0
[2025-11-12 21:36:07,724] INFO: setBreakpoints: set 0 breakpoints for /home/warloc/git/HSX/examples/demos/longrun/main.c
[2025-11-12 21:36:09,335] INFO: Continue: resuming PID 1
[2025-11-12 21:36:09,343] INFO: readMemory: address=0x00000000, count=128
[2025-11-12 21:36:09,378] INFO: readMemory: address=0x0000FFF0, count=64
[2025-11-12 21:36:09,383] DEBUG: Resolved source longrun/main.c -> /home/warloc/git/HSX/examples/demos/longrun/main.c (ref=1)
[2025-11-12 21:36:09,384] DEBUG: Resolved source longrun/main.c -> /home/warloc/git/HSX/examples/demos/longrun/main.c (ref=1)
[2025-11-12 21:36:09,385] DEBUG: Resolved source longrun/main.c -> /home/warloc/git/HSX/examples/demos/longrun/main.c (ref=1)
[2025-11-12 21:36:09,385] DEBUG: Resolved source longrun/main.c -> /home/warloc/git/HSX/examples/demos/longrun/main.c (ref=1)
[2025-11-12 21:36:09,386] DEBUG: Resolved source longrun/main.c -> /home/warloc/git/HSX/examples/demos/longrun/main.c (ref=1)
[2025-11-12 21:36:09,386] DEBUG: Resolved source longrun/main.c -> /home/warloc/git/HSX/examples/demos/longrun/main.c (ref=1)
[2025-11-12 21:36:09,387] DEBUG: Resolved source longrun/main.c -> /home/warloc/git/HSX/examples/demos/longrun/main.c (ref=1)
[2025-11-12 21:36:09,387] DEBUG: Resolved source longrun/main.c -> /home/warloc/git/HSX/examples/demos/longrun/main.c (ref=1)
[2025-11-12 21:36:09,388] DEBUG: Resolved source longrun/main.c -> /home/warloc/git/HSX/examples/demos/longrun/main.c (ref=1)
[2025-11-12 21:36:09,389] DEBUG: Resolved source longrun/main.c -> /home/warloc/git/HSX/examples/demos/longrun/main.c (ref=1)
[2025-11-12 21:36:09,389] DEBUG: Resolved source longrun/main.c -> /home/warloc/git/HSX/examples/demos/longrun/main.c (ref=1)
[2025-11-12 21:36:09,390] DEBUG: Resolved source longrun/main.c -> /home/warloc/git/HSX/examples/demos/longrun/main.c (ref=1)
[2025-11-12 21:36:09,390] DEBUG: Resolved source longrun/main.c -> /home/warloc/git/HSX/examples/demos/longrun/main.c (ref=1)
[2025-11-12 21:36:09,391] DEBUG: Resolved source longrun/main.c -> /home/warloc/git/HSX/examples/demos/longrun/main.c (ref=1)
[2025-11-12 21:36:09,391] DEBUG: Resolved source longrun/main.c -> /home/warloc/git/HSX/examples/demos/longrun/main.c (ref=1)
[2025-11-12 21:36:09,392] DEBUG: Resolved source longrun/main.c -> /home/warloc/git/HSX/examples/demos/longrun/main.c (ref=1)
[2025-11-12 21:36:09,392] DEBUG: Resolved source longrun/main.c -> /home/warloc/git/HSX/examples/demos/longrun/main.c (ref=1)
[2025-11-12 21:36:09,393] DEBUG: Resolved source longrun/main.c -> /home/warloc/git/HSX/examples/demos/longrun/main.c (ref=1)
[2025-11-12 21:36:09,394] DEBUG: Resolved source longrun/main.c -> /home/warloc/git/HSX/examples/demos/longrun/main.c (ref=1)
[2025-11-12 21:36:09,394] DEBUG: Resolved source longrun/main.c -> /home/warloc/git/HSX/examples/demos/longrun/main.c (ref=1)
[2025-11-12 21:36:09,395] DEBUG: Resolved source longrun/main.c -> /home/warloc/git/HSX/examples/demos/longrun/main.c (ref=1)
[2025-11-12 21:36:09,395] DEBUG: Resolved source longrun/main.c -> /home/warloc/git/HSX/examples/demos/longrun/main.c (ref=1)
[2025-11-12 21:36:09,395] INFO: disassemble: view=around_pc count=33 reference=0x00000044
[2025-11-12 21:36:18,669] INFO: Pause requested for PID 1
[2025-11-12 21:36:18,670] INFO: Pause completed for PID 1 (pause)
[2025-11-12 21:36:18,671] DEBUG: Resolved source longrun/main.c -> /home/warloc/git/HSX/examples/demos/longrun/main.c (ref=1)
[2025-11-12 21:36:18,671] INFO: Stopped event: reason=user_pause, pc=0x003C, source=longrun/main.c:6
[2025-11-12 21:36:18,671] INFO: readMemory: address=0x00000000, count=128
[2025-11-12 21:36:18,673] INFO: readMemory: address=0x0000FFF0, count=64
[2025-11-12 21:36:18,674] INFO: disassemble: view=around_pc count=0 reference=0x0000003C
[2025-11-12 21:36:18,675] DEBUG: Resolved source longrun/main.c -> /home/warloc/git/HSX/examples/demos/longrun/main.c (ref=1)
[2025-11-12 21:36:20,596] INFO: Continue: resuming PID 1
[2025-11-12 21:36:20,603] INFO: readMemory: address=0x00000000, count=128
[2025-11-12 21:36:20,609] INFO: readMemory: address=0x0000FFF0, count=64
[2025-11-12 21:36:20,610] INFO: disassemble: view=around_pc count=0 reference=0x0000003C
[2025-11-12 21:36:22,474] INFO: Pause requested for PID 1
[2025-11-12 21:36:22,476] INFO: Pause completed for PID 1 (pause)
[2025-11-12 21:36:22,476] DEBUG: Resolved source longrun/main.c -> /home/warloc/git/HSX/examples/demos/longrun/main.c (ref=1)
[2025-11-12 21:36:22,476] INFO: Stopped event: reason=user_pause, pc=0x0074, source=longrun/main.c:7
[2025-11-12 21:36:22,477] INFO: readMemory: address=0x00000000, count=128
[2025-11-12 21:36:22,479] INFO: readMemory: address=0x0000FFF0, count=64
[2025-11-12 21:36:22,481] DEBUG: Resolved source longrun/main.c -> /home/warloc/git/HSX/examples/demos/longrun/main.c (ref=1)
[2025-11-12 21:36:22,482] DEBUG: Resolved source longrun/main.c -> /home/warloc/git/HSX/examples/demos/longrun/main.c (ref=1)
[2025-11-12 21:36:22,483] DEBUG: Resolved source longrun/main.c -> /home/warloc/git/HSX/examples/demos/longrun/main.c (ref=1)
[2025-11-12 21:36:22,483] DEBUG: Resolved source longrun/main.c -> /home/warloc/git/HSX/examples/demos/longrun/main.c (ref=1)
[2025-11-12 21:36:22,484] DEBUG: Resolved source longrun/main.c -> /home/warloc/git/HSX/examples/demos/longrun/main.c (ref=1)
[2025-11-12 21:36:22,484] DEBUG: Resolved source longrun/main.c -> /home/warloc/git/HSX/examples/demos/longrun/main.c (ref=1)
[2025-11-12 21:36:22,485] DEBUG: Resolved source longrun/main.c -> /home/warloc/git/HSX/examples/demos/longrun/main.c (ref=1)
[2025-11-12 21:36:22,485] DEBUG: Resolved source longrun/main.c -> /home/warloc/git/HSX/examples/demos/longrun/main.c (ref=1)
[2025-11-12 21:36:22,485] DEBUG: Resolved source longrun/main.c -> /home/warloc/git/HSX/examples/demos/longrun/main.c (ref=1)
[2025-11-12 21:36:22,486] DEBUG: Resolved source longrun/main.c -> /home/warloc/git/HSX/examples/demos/longrun/main.c (ref=1)
[2025-11-12 21:36:22,486] DEBUG: Resolved source longrun/main.c -> /home/warloc/git/HSX/examples/demos/longrun/main.c (ref=1)
[2025-11-12 21:36:22,486] DEBUG: Resolved source longrun/main.c -> /home/warloc/git/HSX/examples/demos/longrun/main.c (ref=1)
[2025-11-12 21:36:22,487] DEBUG: Resolved source longrun/main.c -> /home/warloc/git/HSX/examples/demos/longrun/main.c (ref=1)
[2025-11-12 21:36:22,487] DEBUG: Resolved source longrun/main.c -> /home/warloc/git/HSX/examples/demos/longrun/main.c (ref=1)
[2025-11-12 21:36:22,488] DEBUG: Resolved source longrun/main.c -> /home/warloc/git/HSX/examples/demos/longrun/main.c (ref=1)
[2025-11-12 21:36:22,488] DEBUG: Resolved source longrun/main.c -> /home/warloc/git/HSX/examples/demos/longrun/main.c (ref=1)
[2025-11-12 21:36:22,489] DEBUG: Resolved source longrun/main.c -> /home/warloc/git/HSX/examples/demos/longrun/main.c (ref=1)
[2025-11-12 21:36:22,489] DEBUG: Resolved source longrun/main.c -> /home/warloc/git/HSX/examples/demos/longrun/main.c (ref=1)
[2025-11-12 21:36:22,489] DEBUG: Resolved source longrun/main.c -> /home/warloc/git/HSX/examples/demos/longrun/main.c (ref=1)
[2025-11-12 21:36:22,490] DEBUG: Resolved source longrun/main.c -> /home/warloc/git/HSX/examples/demos/longrun/main.c (ref=1)
[2025-11-12 21:36:22,490] DEBUG: Resolved source longrun/main.c -> /home/warloc/git/HSX/examples/demos/longrun/main.c (ref=1)
[2025-11-12 21:36:22,491] DEBUG: Resolved source longrun/main.c -> /home/warloc/git/HSX/examples/demos/longrun/main.c (ref=1)
[2025-11-12 21:36:22,491] DEBUG: Resolved source longrun/main.c -> /home/warloc/git/HSX/examples/demos/longrun/main.c (ref=1)
[2025-11-12 21:36:22,491] DEBUG: Resolved source longrun/main.c -> /home/warloc/git/HSX/examples/demos/longrun/main.c (ref=1)
[2025-11-12 21:36:22,492] DEBUG: Resolved source longrun/main.c -> /home/warloc/git/HSX/examples/demos/longrun/main.c (ref=1)
[2025-11-12 21:36:22,492] DEBUG: Resolved source longrun/main.c -> /home/warloc/git/HSX/examples/demos/longrun/main.c (ref=1)
[2025-11-12 21:36:22,492] INFO: disassemble: view=around_pc count=25 reference=0x00000074
[2025-11-12 21:36:27,734] INFO: Continue: resuming PID 1
[2025-11-12 21:36:27,742] INFO: readMemory: address=0x00000000, count=128
[2025-11-12 21:36:27,775] INFO: readMemory: address=0x0000FFF0, count=64
[2025-11-12 21:36:27,782] DEBUG: Resolved source longrun/main.c -> /home/warloc/git/HSX/examples/demos/longrun/main.c (ref=1)
[2025-11-12 21:36:27,783] DEBUG: Resolved source longrun/main.c -> /home/warloc/git/HSX/examples/demos/longrun/main.c (ref=1)
[2025-11-12 21:36:27,783] DEBUG: Resolved source longrun/main.c -> /home/warloc/git/HSX/examples/demos/longrun/main.c (ref=1)
[2025-11-12 21:36:27,784] DEBUG: Resolved source longrun/main.c -> /home/warloc/git/HSX/examples/demos/longrun/main.c (ref=1)
[2025-11-12 21:36:27,785] DEBUG: Resolved source longrun/main.c -> /home/warloc/git/HSX/examples/demos/longrun/main.c (ref=1)
[2025-11-12 21:36:27,786] DEBUG: Resolved source longrun/main.c -> /home/warloc/git/HSX/examples/demos/longrun/main.c (ref=1)
[2025-11-12 21:36:27,786] DEBUG: Resolved source longrun/main.c -> /home/warloc/git/HSX/examples/demos/longrun/main.c (ref=1)
[2025-11-12 21:36:27,787] DEBUG: Resolved source longrun/main.c -> /home/warloc/git/HSX/examples/demos/longrun/main.c (ref=1)
[2025-11-12 21:36:27,788] DEBUG: Resolved source longrun/main.c -> /home/warloc/git/HSX/examples/demos/longrun/main.c (ref=1)
[2025-11-12 21:36:27,788] DEBUG: Resolved source longrun/main.c -> /home/warloc/git/HSX/examples/demos/longrun/main.c (ref=1)
[2025-11-12 21:36:27,789] DEBUG: Resolved source longrun/main.c -> /home/warloc/git/HSX/examples/demos/longrun/main.c (ref=1)
[2025-11-12 21:36:27,790] DEBUG: Resolved source longrun/main.c -> /home/warloc/git/HSX/examples/demos/longrun/main.c (ref=1)
[2025-11-12 21:36:27,790] DEBUG: Resolved source longrun/main.c -> /home/warloc/git/HSX/examples/demos/longrun/main.c (ref=1)
[2025-11-12 21:36:27,791] DEBUG: Resolved source longrun/main.c -> /home/warloc/git/HSX/examples/demos/longrun/main.c (ref=1)
[2025-11-12 21:36:27,791] DEBUG: Resolved source longrun/main.c -> /home/warloc/git/HSX/examples/demos/longrun/main.c (ref=1)
[2025-11-12 21:36:27,792] DEBUG: Resolved source longrun/main.c -> /home/warloc/git/HSX/examples/demos/longrun/main.c (ref=1)
[2025-11-12 21:36:27,793] DEBUG: Resolved source longrun/main.c -> /home/warloc/git/HSX/examples/demos/longrun/main.c (ref=1)
[2025-11-12 21:36:27,793] DEBUG: Resolved source longrun/main.c -> /home/warloc/git/HSX/examples/demos/longrun/main.c (ref=1)
[2025-11-12 21:36:27,794] DEBUG: Resolved source longrun/main.c -> /home/warloc/git/HSX/examples/demos/longrun/main.c (ref=1)
[2025-11-12 21:36:27,794] DEBUG: Resolved source longrun/main.c -> /home/warloc/git/HSX/examples/demos/longrun/main.c (ref=1)
[2025-11-12 21:36:27,795] DEBUG: Resolved source longrun/main.c -> /home/warloc/git/HSX/examples/demos/longrun/main.c (ref=1)
[2025-11-12 21:36:27,795] DEBUG: Resolved source longrun/main.c -> /home/warloc/git/HSX/examples/demos/longrun/main.c (ref=1)
[2025-11-12 21:36:27,796] DEBUG: Resolved source longrun/main.c -> /home/warloc/git/HSX/examples/demos/longrun/main.c (ref=1)
[2025-11-12 21:36:27,796] DEBUG: Resolved source longrun/main.c -> /home/warloc/git/HSX/examples/demos/longrun/main.c (ref=1)
[2025-11-12 21:36:27,797] INFO: disassemble: view=around_pc count=24 reference=0x00000078
[2025-11-12 21:36:32,356] INFO: Pause requested for PID 1
[2025-11-12 21:36:32,358] INFO: Pause completed for PID 1 (pause)
[2025-11-12 21:36:32,358] DEBUG: Resolved source longrun/main.c -> /home/warloc/git/HSX/examples/demos/longrun/main.c (ref=1)
[2025-11-12 21:36:32,358] INFO: Stopped event: reason=user_pause, pc=0x005C, source=longrun/main.c:7
[2025-11-12 21:36:32,359] INFO: readMemory: address=0x00000000, count=128
[2025-11-12 21:36:32,364] INFO: readMemory: address=0x0000FFF0, count=64
[2025-11-12 21:36:32,366] DEBUG: Resolved source longrun/main.c -> /home/warloc/git/HSX/examples/demos/longrun/main.c (ref=1)
[2025-11-12 21:36:32,368] DEBUG: Resolved source longrun/main.c -> /home/warloc/git/HSX/examples/demos/longrun/main.c (ref=1)
[2025-11-12 21:36:32,368] DEBUG: Resolved source longrun/main.c -> /home/warloc/git/HSX/examples/demos/longrun/main.c (ref=1)
[2025-11-12 21:36:32,369] DEBUG: Resolved source longrun/main.c -> /home/warloc/git/HSX/examples/demos/longrun/main.c (ref=1)
[2025-11-12 21:36:32,369] DEBUG: Resolved source longrun/main.c -> /home/warloc/git/HSX/examples/demos/longrun/main.c (ref=1)
[2025-11-12 21:36:32,369] DEBUG: Resolved source longrun/main.c -> /home/warloc/git/HSX/examples/demos/longrun/main.c (ref=1)
[2025-11-12 21:36:32,370] DEBUG: Resolved source longrun/main.c -> /home/warloc/git/HSX/examples/demos/longrun/main.c (ref=1)
[2025-11-12 21:36:32,370] DEBUG: Resolved source longrun/main.c -> /home/warloc/git/HSX/examples/demos/longrun/main.c (ref=1)
[2025-11-12 21:36:32,370] DEBUG: Resolved source longrun/main.c -> /home/warloc/git/HSX/examples/demos/longrun/main.c (ref=1)
[2025-11-12 21:36:32,371] DEBUG: Resolved source longrun/main.c -> /home/warloc/git/HSX/examples/demos/longrun/main.c (ref=1)
[2025-11-12 21:36:32,371] DEBUG: Resolved source longrun/main.c -> /home/warloc/git/HSX/examples/demos/longrun/main.c (ref=1)
[2025-11-12 21:36:32,371] DEBUG: Resolved source longrun/main.c -> /home/warloc/git/HSX/examples/demos/longrun/main.c (ref=1)
[2025-11-12 21:36:32,372] DEBUG: Resolved source longrun/main.c -> /home/warloc/git/HSX/examples/demos/longrun/main.c (ref=1)
[2025-11-12 21:36:32,372] DEBUG: Resolved source longrun/main.c -> /home/warloc/git/HSX/examples/demos/longrun/main.c (ref=1)
[2025-11-12 21:36:32,372] DEBUG: Resolved source longrun/main.c -> /home/warloc/git/HSX/examples/demos/longrun/main.c (ref=1)
[2025-11-12 21:36:32,373] DEBUG: Resolved source longrun/main.c -> /home/warloc/git/HSX/examples/demos/longrun/main.c (ref=1)
[2025-11-12 21:36:32,373] DEBUG: Resolved source longrun/main.c -> /home/warloc/git/HSX/examples/demos/longrun/main.c (ref=1)
[2025-11-12 21:36:32,373] DEBUG: Resolved source longrun/main.c -> /home/warloc/git/HSX/examples/demos/longrun/main.c (ref=1)
[2025-11-12 21:36:32,374] DEBUG: Resolved source longrun/main.c -> /home/warloc/git/HSX/examples/demos/longrun/main.c (ref=1)
[2025-11-12 21:36:32,374] DEBUG: Resolved source longrun/main.c -> /home/warloc/git/HSX/examples/demos/longrun/main.c (ref=1)
[2025-11-12 21:36:32,374] DEBUG: Resolved source longrun/main.c -> /home/warloc/git/HSX/examples/demos/longrun/main.c (ref=1)
[2025-11-12 21:36:32,375] DEBUG: Resolved source longrun/main.c -> /home/warloc/git/HSX/examples/demos/longrun/main.c (ref=1)
[2025-11-12 21:36:32,375] DEBUG: Resolved source longrun/main.c -> /home/warloc/git/HSX/examples/demos/longrun/main.c (ref=1)
[2025-11-12 21:36:32,375] DEBUG: Resolved source longrun/main.c -> /home/warloc/git/HSX/examples/demos/longrun/main.c (ref=1)
[2025-11-12 21:36:32,376] DEBUG: Resolved source longrun/main.c -> /home/warloc/git/HSX/examples/demos/longrun/main.c (ref=1)
[2025-11-12 21:36:32,376] DEBUG: Resolved source longrun/main.c -> /home/warloc/git/HSX/examples/demos/longrun/main.c (ref=1)
[2025-11-12 21:36:32,377] DEBUG: Resolved source longrun/main.c -> /home/warloc/git/HSX/examples/demos/longrun/main.c (ref=1)
[2025-11-12 21:36:32,377] INFO: disassemble: view=around_pc count=31 reference=0x0000005C
[2025-11-12 23:23:57,789] WARNING: Debugger backend error (session.open failed: pid_locked:1); attempting reconnect
[2025-11-12 23:23:57,789] INFO: Connecting to executive at 127.0.0.1:9998 (PID 1, observer=False)
[2025-11-12 23:23:57,796] DEBUG: list_breakpoints failed during session startup: bp list failed: unknown pid 1
[2025-11-12 23:23:57,796] DEBUG: symbol_info failed: sym info failed: unknown pid 1
[2025-11-12 23:23:57,797] ERROR: DAP command failed: evaluate
Traceback (most recent call last):
  File "/home/warloc/git/HSX/python/hsx_dbg/backend.py", line 174, in request
    return session.request(payload)
           ~~~~~~~~~~~~~~~^^^^^^^^^
  File "/home/warloc/git/HSX/python/executive_session.py", line 148, in request
    self._ensure_session(force=attempt > 0)
    ~~~~~~~~~~~~~~~~~~~~^^^^^^^^^^^^^^^^^^^
  File "/home/warloc/git/HSX/python/executive_session.py", line 648, in _ensure_session
    raise ExecutiveSessionError(f"session.open failed: {error}")
python.executive_session.ExecutiveSessionError: session.open failed: pid_locked:1

The above exception was the direct cause of the following exception:

Traceback (most recent call last):
  File "/home/warloc/git/HSX/python/hsx_dap/__init__.py", line 935, in _call_backend
    data = event.get("data") or {}
               ^^^^^^^^^^^^^^^^^^^
  File "/home/warloc/git/HSX/python/hsx_dbg/backend.py", line 279, in get_register_state
    frames = []
           ^^^^
  File "/home/warloc/git/HSX/python/hsx_dbg/backend.py", line 176, in request
    raise DebuggerBackendError(str(exc)) from exc
hsx_dbg.backend.DebuggerBackendError: session.open failed: pid_locked:1

During handling of the above exception, another exception occurred:

Traceback (most recent call last):
  File "/home/warloc/git/HSX/python/hsx_dap/__init__.py", line 243, in _handle_request
    body = handler(arguments) or {}
           ~~~~~~~^^^^^^^^^^^
  File "/home/warloc/git/HSX/python/hsx_dap/__init__.py", line 604, in _handle_evaluate
    results.append({"verified": False, "message": "instructionReference required"})
             ^^^^^^^^^^^^^^^^^^^^^^^^^^^^^^^^^^^^^^^^^^^^^^
  File "/home/warloc/git/HSX/python/hsx_dap/__init__.py", line 1963, in _evaluate_register_expression
    self._source_base_dirs = [REPO_ROOT]
            ^^^^^^^^^^^^^^^^^^^^^^^^^^^^
  File "/home/warloc/git/HSX/python/hsx_dap/__init__.py", line 940, in _call_backend
    if event_type == "debug_break":
                   ^^^^^^^^^^^^^^^^
  File "/home/warloc/git/HSX/python/hsx_dbg/backend.py", line 280, in get_register_state
    stack_block = resp.get("stack") or {}
    ^^^^^^^^^^^^^^^^^^^^^^^^^^^^^^^^^
  File "/home/warloc/git/HSX/python/hsx_dbg/backend.py", line 180, in _expect_ok
    raise DebuggerBackendError(f"{context} failed: {response.get('error', 'unknown')}")
hsx_dbg.backend.DebuggerBackendError: dumpregs failed: unknown pid 1
