[2025-11-13 10:38:16,044] INFO: HSX DAP adapter starting (pid=1682643, version=0.0.7+5b256b66)
[2025-11-13 10:38:16,046] INFO: setBreakpoints: ignoring HSX disassembly pseudo-source hsx-disassembly:/pid-1/0x00000024
[2025-11-13 10:38:16,047] INFO: setBreakpoints: ignoring HSX disassembly pseudo-source hsx-disassembly:/pid-1/0x00000030
[2025-11-13 10:38:16,047] INFO: setBreakpoints: source=/home/warloc/git/HSX/examples/demos/longrun/main.c, count=1
[2025-11-13 10:38:16,047] WARNING: setBreakpoints: no client connected, storing as pending
[2025-11-13 10:38:16,050] INFO: Connecting to executive at 127.0.0.1:9998 (PID 1, observer=False)
[2025-11-13 10:38:16,054] INFO: Loaded symbol map for pid 1 from /home/warloc/git/HSX/examples/demos/build/debug/longrun/main.sym
[2025-11-13 10:38:16,055] INFO: State sync (connect): pid=1 state=running reason=n/a
[2025-11-13 10:38:16,055] INFO: Reapplying 1 pending breakpoint sources
[2025-11-13 10:38:16,055] INFO: Reapplying breakpoints for source: /home/warloc/git/HSX/examples/demos/longrun/main.c (1 breakpoints)
[2025-11-13 10:38:16,055] DEBUG: Resolved /home/warloc/git/HSX/examples/demos/longrun/main.c:6 to addresses: ['0x003C', '0x0040', '0x0044', '0x0048', '0x004C']
[2025-11-13 10:38:16,055] INFO: Breakpoint set at /home/warloc/git/HSX/examples/demos/longrun/main.c:6 -> 0x003C
[2025-11-13 10:38:16,055] INFO: Breakpoint verified after connection: /home/warloc/git/HSX/examples/demos/longrun/main.c:6 -> 0x003C
[2025-11-13 10:38:16,064] INFO: setBreakpoints: ignoring HSX disassembly pseudo-source hsx-disassembly:/pid-unknown/0x0000003C
[2025-11-13 10:38:16,115] INFO: readMemory: address=0x00000000, count=128
[2025-11-13 10:38:16,118] INFO: readMemory: address=0x00000000, count=128
[2025-11-13 10:38:16,201] INFO: readMemory: address=0x0000FFFC, count=64
[2025-11-13 10:38:16,204] DEBUG: Resolved source longrun/main.c -> /home/warloc/git/HSX/examples/demos/longrun/main.c (ref=1)
[2025-11-13 10:38:16,204] DEBUG: Resolved source longrun/main.c -> /home/warloc/git/HSX/examples/demos/longrun/main.c (ref=1)
[2025-11-13 10:38:16,205] DEBUG: Resolved source longrun/main.c -> /home/warloc/git/HSX/examples/demos/longrun/main.c (ref=1)
[2025-11-13 10:38:16,205] DEBUG: Resolved source longrun/main.c -> /home/warloc/git/HSX/examples/demos/longrun/main.c (ref=1)
[2025-11-13 10:38:16,206] DEBUG: Resolved source longrun/main.c -> /home/warloc/git/HSX/examples/demos/longrun/main.c (ref=1)
[2025-11-13 10:38:16,206] DEBUG: Resolved source longrun/main.c -> /home/warloc/git/HSX/examples/demos/longrun/main.c (ref=1)
[2025-11-13 10:38:16,206] DEBUG: Resolved source longrun/main.c -> /home/warloc/git/HSX/examples/demos/longrun/main.c (ref=1)
[2025-11-13 10:38:16,207] DEBUG: Resolved source longrun/main.c -> /home/warloc/git/HSX/examples/demos/longrun/main.c (ref=1)
[2025-11-13 10:38:16,207] DEBUG: Resolved source longrun/main.c -> /home/warloc/git/HSX/examples/demos/longrun/main.c (ref=1)
[2025-11-13 10:38:16,207] DEBUG: Resolved source longrun/main.c -> /home/warloc/git/HSX/examples/demos/longrun/main.c (ref=1)
[2025-11-13 10:38:16,208] DEBUG: Resolved source longrun/main.c -> /home/warloc/git/HSX/examples/demos/longrun/main.c (ref=1)
[2025-11-13 10:38:16,208] DEBUG: Resolved source longrun/main.c -> /home/warloc/git/HSX/examples/demos/longrun/main.c (ref=1)
[2025-11-13 10:38:16,208] DEBUG: Resolved source longrun/main.c -> /home/warloc/git/HSX/examples/demos/longrun/main.c (ref=1)
[2025-11-13 10:38:16,209] DEBUG: Resolved source longrun/main.c -> /home/warloc/git/HSX/examples/demos/longrun/main.c (ref=1)
[2025-11-13 10:38:16,209] DEBUG: Resolved source longrun/main.c -> /home/warloc/git/HSX/examples/demos/longrun/main.c (ref=1)
[2025-11-13 10:38:16,209] DEBUG: Resolved source longrun/main.c -> /home/warloc/git/HSX/examples/demos/longrun/main.c (ref=1)
[2025-11-13 10:38:16,210] DEBUG: Resolved source longrun/main.c -> /home/warloc/git/HSX/examples/demos/longrun/main.c (ref=1)
[2025-11-13 10:38:16,210] DEBUG: Resolved source longrun/main.c -> /home/warloc/git/HSX/examples/demos/longrun/main.c (ref=1)
[2025-11-13 10:38:16,210] DEBUG: Resolved source longrun/main.c -> /home/warloc/git/HSX/examples/demos/longrun/main.c (ref=1)
[2025-11-13 10:38:16,211] DEBUG: Resolved source longrun/main.c -> /home/warloc/git/HSX/examples/demos/longrun/main.c (ref=1)
[2025-11-13 10:38:16,211] INFO: disassemble: view=around_pc count=33 reference=0x00000000
[2025-11-13 10:38:16,215] INFO: readMemory: address=0x0000FFFC, count=64
[2025-11-13 10:38:16,218] DEBUG: Resolved source longrun/main.c -> /home/warloc/git/HSX/examples/demos/longrun/main.c (ref=1)
[2025-11-13 10:38:16,218] DEBUG: Resolved source longrun/main.c -> /home/warloc/git/HSX/examples/demos/longrun/main.c (ref=1)
[2025-11-13 10:38:16,218] DEBUG: Resolved source longrun/main.c -> /home/warloc/git/HSX/examples/demos/longrun/main.c (ref=1)
[2025-11-13 10:38:16,219] DEBUG: Resolved source longrun/main.c -> /home/warloc/git/HSX/examples/demos/longrun/main.c (ref=1)
[2025-11-13 10:38:16,219] DEBUG: Resolved source longrun/main.c -> /home/warloc/git/HSX/examples/demos/longrun/main.c (ref=1)
[2025-11-13 10:38:16,219] DEBUG: Resolved source longrun/main.c -> /home/warloc/git/HSX/examples/demos/longrun/main.c (ref=1)
[2025-11-13 10:38:16,220] DEBUG: Resolved source longrun/main.c -> /home/warloc/git/HSX/examples/demos/longrun/main.c (ref=1)
[2025-11-13 10:38:16,220] DEBUG: Resolved source longrun/main.c -> /home/warloc/git/HSX/examples/demos/longrun/main.c (ref=1)
[2025-11-13 10:38:16,220] DEBUG: Resolved source longrun/main.c -> /home/warloc/git/HSX/examples/demos/longrun/main.c (ref=1)
[2025-11-13 10:38:16,221] DEBUG: Resolved source longrun/main.c -> /home/warloc/git/HSX/examples/demos/longrun/main.c (ref=1)
[2025-11-13 10:38:16,221] DEBUG: Resolved source longrun/main.c -> /home/warloc/git/HSX/examples/demos/longrun/main.c (ref=1)
[2025-11-13 10:38:16,221] DEBUG: Resolved source longrun/main.c -> /home/warloc/git/HSX/examples/demos/longrun/main.c (ref=1)
[2025-11-13 10:38:16,222] DEBUG: Resolved source longrun/main.c -> /home/warloc/git/HSX/examples/demos/longrun/main.c (ref=1)
[2025-11-13 10:38:16,222] DEBUG: Resolved source longrun/main.c -> /home/warloc/git/HSX/examples/demos/longrun/main.c (ref=1)
[2025-11-13 10:38:16,222] DEBUG: Resolved source longrun/main.c -> /home/warloc/git/HSX/examples/demos/longrun/main.c (ref=1)
[2025-11-13 10:38:16,223] DEBUG: Resolved source longrun/main.c -> /home/warloc/git/HSX/examples/demos/longrun/main.c (ref=1)
[2025-11-13 10:38:16,223] DEBUG: Resolved source longrun/main.c -> /home/warloc/git/HSX/examples/demos/longrun/main.c (ref=1)
[2025-11-13 10:38:16,223] DEBUG: Resolved source longrun/main.c -> /home/warloc/git/HSX/examples/demos/longrun/main.c (ref=1)
[2025-11-13 10:38:16,224] DEBUG: Resolved source longrun/main.c -> /home/warloc/git/HSX/examples/demos/longrun/main.c (ref=1)
[2025-11-13 10:38:16,224] DEBUG: Resolved source longrun/main.c -> /home/warloc/git/HSX/examples/demos/longrun/main.c (ref=1)
[2025-11-13 10:38:16,224] DEBUG: Resolved source longrun/main.c -> /home/warloc/git/HSX/examples/demos/longrun/main.c (ref=1)
[2025-11-13 10:38:16,224] INFO: disassemble: view=around_pc count=33 reference=0x00000000
[2025-11-13 10:38:16,230] INFO: setBreakpoints: ignoring HSX disassembly pseudo-source hsx-disassembly:/pid-unknown/0x0000003C
[2025-11-13 10:38:16,237] INFO: setBreakpoints: ignoring HSX disassembly pseudo-source hsx-disassembly:/pid-1/0x0000003C
[2025-11-13 10:39:02,048] INFO: Pause requested for PID 1
[2025-11-13 10:39:02,051] INFO: Pause completed for PID 1 (event)
[2025-11-13 10:39:02,052] INFO: Stopped event: reason=user_pause (no PC available)
[2025-11-13 10:39:02,054] INFO: Pause completed for PID 1 (pause)
[2025-11-13 10:39:02,054] INFO: Stopped event: reason=user_pause, pc=0x0000 (no source mapping)
[2025-11-13 10:39:02,057] INFO: readMemory: address=0x00000000, count=128
[2025-11-13 10:39:02,060] INFO: readMemory: address=0x00000000, count=128
[2025-11-13 10:39:02,064] INFO: readMemory: address=0x0000FFFC, count=64
[2025-11-13 10:39:02,067] DEBUG: Resolved source longrun/main.c -> /home/warloc/git/HSX/examples/demos/longrun/main.c (ref=1)
[2025-11-13 10:39:02,067] DEBUG: Resolved source longrun/main.c -> /home/warloc/git/HSX/examples/demos/longrun/main.c (ref=1)
[2025-11-13 10:39:02,067] DEBUG: Resolved source longrun/main.c -> /home/warloc/git/HSX/examples/demos/longrun/main.c (ref=1)
[2025-11-13 10:39:02,067] DEBUG: Resolved source longrun/main.c -> /home/warloc/git/HSX/examples/demos/longrun/main.c (ref=1)
[2025-11-13 10:39:02,068] DEBUG: Resolved source longrun/main.c -> /home/warloc/git/HSX/examples/demos/longrun/main.c (ref=1)
[2025-11-13 10:39:02,068] DEBUG: Resolved source longrun/main.c -> /home/warloc/git/HSX/examples/demos/longrun/main.c (ref=1)
[2025-11-13 10:39:02,069] DEBUG: Resolved source longrun/main.c -> /home/warloc/git/HSX/examples/demos/longrun/main.c (ref=1)
[2025-11-13 10:39:02,069] DEBUG: Resolved source longrun/main.c -> /home/warloc/git/HSX/examples/demos/longrun/main.c (ref=1)
[2025-11-13 10:39:02,070] DEBUG: Resolved source longrun/main.c -> /home/warloc/git/HSX/examples/demos/longrun/main.c (ref=1)
[2025-11-13 10:39:02,070] DEBUG: Resolved source longrun/main.c -> /home/warloc/git/HSX/examples/demos/longrun/main.c (ref=1)
[2025-11-13 10:39:02,070] DEBUG: Resolved source longrun/main.c -> /home/warloc/git/HSX/examples/demos/longrun/main.c (ref=1)
[2025-11-13 10:39:02,071] DEBUG: Resolved source longrun/main.c -> /home/warloc/git/HSX/examples/demos/longrun/main.c (ref=1)
[2025-11-13 10:39:02,071] DEBUG: Resolved source longrun/main.c -> /home/warloc/git/HSX/examples/demos/longrun/main.c (ref=1)
[2025-11-13 10:39:02,071] DEBUG: Resolved source longrun/main.c -> /home/warloc/git/HSX/examples/demos/longrun/main.c (ref=1)
[2025-11-13 10:39:02,072] DEBUG: Resolved source longrun/main.c -> /home/warloc/git/HSX/examples/demos/longrun/main.c (ref=1)
[2025-11-13 10:39:02,072] DEBUG: Resolved source longrun/main.c -> /home/warloc/git/HSX/examples/demos/longrun/main.c (ref=1)
[2025-11-13 10:39:02,072] DEBUG: Resolved source longrun/main.c -> /home/warloc/git/HSX/examples/demos/longrun/main.c (ref=1)
[2025-11-13 10:39:02,073] DEBUG: Resolved source longrun/main.c -> /home/warloc/git/HSX/examples/demos/longrun/main.c (ref=1)
[2025-11-13 10:39:02,073] DEBUG: Resolved source longrun/main.c -> /home/warloc/git/HSX/examples/demos/longrun/main.c (ref=1)
[2025-11-13 10:39:02,073] DEBUG: Resolved source longrun/main.c -> /home/warloc/git/HSX/examples/demos/longrun/main.c (ref=1)
[2025-11-13 10:39:02,074] DEBUG: Resolved source longrun/main.c -> /home/warloc/git/HSX/examples/demos/longrun/main.c (ref=1)
[2025-11-13 10:39:02,074] INFO: disassemble: view=around_pc count=33 reference=0x00000000
[2025-11-13 10:39:02,075] INFO: readMemory: address=0x0000FFFC, count=64
[2025-11-13 10:39:02,078] DEBUG: Resolved source longrun/main.c -> /home/warloc/git/HSX/examples/demos/longrun/main.c (ref=1)
[2025-11-13 10:39:02,078] DEBUG: Resolved source longrun/main.c -> /home/warloc/git/HSX/examples/demos/longrun/main.c (ref=1)
[2025-11-13 10:39:02,078] DEBUG: Resolved source longrun/main.c -> /home/warloc/git/HSX/examples/demos/longrun/main.c (ref=1)
[2025-11-13 10:39:02,079] DEBUG: Resolved source longrun/main.c -> /home/warloc/git/HSX/examples/demos/longrun/main.c (ref=1)
[2025-11-13 10:39:02,079] DEBUG: Resolved source longrun/main.c -> /home/warloc/git/HSX/examples/demos/longrun/main.c (ref=1)
[2025-11-13 10:39:02,080] DEBUG: Resolved source longrun/main.c -> /home/warloc/git/HSX/examples/demos/longrun/main.c (ref=1)
[2025-11-13 10:39:02,080] DEBUG: Resolved source longrun/main.c -> /home/warloc/git/HSX/examples/demos/longrun/main.c (ref=1)
[2025-11-13 10:39:02,080] DEBUG: Resolved source longrun/main.c -> /home/warloc/git/HSX/examples/demos/longrun/main.c (ref=1)
[2025-11-13 10:39:02,081] DEBUG: Resolved source longrun/main.c -> /home/warloc/git/HSX/examples/demos/longrun/main.c (ref=1)
[2025-11-13 10:39:02,081] DEBUG: Resolved source longrun/main.c -> /home/warloc/git/HSX/examples/demos/longrun/main.c (ref=1)
[2025-11-13 10:39:02,081] DEBUG: Resolved source longrun/main.c -> /home/warloc/git/HSX/examples/demos/longrun/main.c (ref=1)
[2025-11-13 10:39:02,082] DEBUG: Resolved source longrun/main.c -> /home/warloc/git/HSX/examples/demos/longrun/main.c (ref=1)
[2025-11-13 10:39:02,082] DEBUG: Resolved source longrun/main.c -> /home/warloc/git/HSX/examples/demos/longrun/main.c (ref=1)
[2025-11-13 10:39:02,082] DEBUG: Resolved source longrun/main.c -> /home/warloc/git/HSX/examples/demos/longrun/main.c (ref=1)
[2025-11-13 10:39:02,083] DEBUG: Resolved source longrun/main.c -> /home/warloc/git/HSX/examples/demos/longrun/main.c (ref=1)
[2025-11-13 10:39:02,083] DEBUG: Resolved source longrun/main.c -> /home/warloc/git/HSX/examples/demos/longrun/main.c (ref=1)
[2025-11-13 10:39:02,083] DEBUG: Resolved source longrun/main.c -> /home/warloc/git/HSX/examples/demos/longrun/main.c (ref=1)
[2025-11-13 10:39:02,084] DEBUG: Resolved source longrun/main.c -> /home/warloc/git/HSX/examples/demos/longrun/main.c (ref=1)
[2025-11-13 10:39:02,084] DEBUG: Resolved source longrun/main.c -> /home/warloc/git/HSX/examples/demos/longrun/main.c (ref=1)
[2025-11-13 10:39:02,084] DEBUG: Resolved source longrun/main.c -> /home/warloc/git/HSX/examples/demos/longrun/main.c (ref=1)
[2025-11-13 10:39:02,085] DEBUG: Resolved source longrun/main.c -> /home/warloc/git/HSX/examples/demos/longrun/main.c (ref=1)
[2025-11-13 10:39:02,085] INFO: disassemble: view=around_pc count=33 reference=0x00000000
[2025-11-13 10:39:02,892] INFO: Continue: resuming PID 1
[2025-11-13 10:39:02,902] INFO: readMemory: address=0x00000000, count=128
[2025-11-13 10:39:02,904] INFO: readMemory: address=0x00000000, count=128
[2025-11-13 10:39:02,909] INFO: readMemory: address=0x0000FFF4, count=64
[2025-11-13 10:39:02,910] DEBUG: Ignoring task_state debug_break (DAP event will follow)
[2025-11-13 10:39:02,910] INFO: DebugBreakEvent: pid=1, pc=0x003C, reason=breakpoint
[2025-11-13 10:39:02,911] DEBUG: Resolved source longrun/main.c -> /home/warloc/git/HSX/examples/demos/longrun/main.c (ref=1)
[2025-11-13 10:39:02,911] INFO: Stopped event: reason=breakpoint, pc=0x003C, source=longrun/main.c:6
[2025-11-13 10:39:02,911] INFO: readMemory: address=0x00000000, count=128
[2025-11-13 10:39:02,918] INFO: readMemory: address=0x0000FFF0, count=64
[2025-11-13 10:39:02,941] INFO: readMemory: address=0x0000FFF0, count=64
[2025-11-13 10:39:02,946] INFO: disassemble: view=from_addr count=1 reference=n/a
[2025-11-13 10:39:02,951] DEBUG: Resolved source longrun/main.c -> /home/warloc/git/HSX/examples/demos/longrun/main.c (ref=1)
[2025-11-13 10:39:02,951] DEBUG: Resolved source longrun/main.c -> /home/warloc/git/HSX/examples/demos/longrun/main.c (ref=1)
[2025-11-13 10:39:02,951] DEBUG: Resolved source longrun/main.c -> /home/warloc/git/HSX/examples/demos/longrun/main.c (ref=1)
[2025-11-13 10:39:02,951] DEBUG: Resolved source longrun/main.c -> /home/warloc/git/HSX/examples/demos/longrun/main.c (ref=1)
[2025-11-13 10:39:02,952] DEBUG: Resolved source longrun/main.c -> /home/warloc/git/HSX/examples/demos/longrun/main.c (ref=1)
[2025-11-13 10:39:02,952] DEBUG: Resolved source longrun/main.c -> /home/warloc/git/HSX/examples/demos/longrun/main.c (ref=1)
[2025-11-13 10:39:02,952] DEBUG: Resolved source longrun/main.c -> /home/warloc/git/HSX/examples/demos/longrun/main.c (ref=1)
[2025-11-13 10:39:02,952] DEBUG: Resolved source longrun/main.c -> /home/warloc/git/HSX/examples/demos/longrun/main.c (ref=1)
[2025-11-13 10:39:02,953] DEBUG: Resolved source longrun/main.c -> /home/warloc/git/HSX/examples/demos/longrun/main.c (ref=1)
[2025-11-13 10:39:02,953] DEBUG: Resolved source longrun/main.c -> /home/warloc/git/HSX/examples/demos/longrun/main.c (ref=1)
[2025-11-13 10:39:02,953] DEBUG: Resolved source longrun/main.c -> /home/warloc/git/HSX/examples/demos/longrun/main.c (ref=1)
[2025-11-13 10:39:02,953] DEBUG: Resolved source longrun/main.c -> /home/warloc/git/HSX/examples/demos/longrun/main.c (ref=1)
[2025-11-13 10:39:02,953] DEBUG: Resolved source longrun/main.c -> /home/warloc/git/HSX/examples/demos/longrun/main.c (ref=1)
[2025-11-13 10:39:02,954] DEBUG: Resolved source longrun/main.c -> /home/warloc/git/HSX/examples/demos/longrun/main.c (ref=1)
[2025-11-13 10:39:02,954] DEBUG: Resolved source longrun/main.c -> /home/warloc/git/HSX/examples/demos/longrun/main.c (ref=1)
[2025-11-13 10:39:02,954] DEBUG: Resolved source longrun/main.c -> /home/warloc/git/HSX/examples/demos/longrun/main.c (ref=1)
[2025-11-13 10:39:02,954] DEBUG: Resolved source longrun/main.c -> /home/warloc/git/HSX/examples/demos/longrun/main.c (ref=1)
[2025-11-13 10:39:02,954] DEBUG: Resolved source longrun/main.c -> /home/warloc/git/HSX/examples/demos/longrun/main.c (ref=1)
[2025-11-13 10:39:02,955] DEBUG: Resolved source longrun/main.c -> /home/warloc/git/HSX/examples/demos/longrun/main.c (ref=1)
[2025-11-13 10:39:02,955] DEBUG: Resolved source longrun/main.c -> /home/warloc/git/HSX/examples/demos/longrun/main.c (ref=1)
[2025-11-13 10:39:02,955] DEBUG: Resolved source longrun/main.c -> /home/warloc/git/HSX/examples/demos/longrun/main.c (ref=1)
[2025-11-13 10:39:02,955] INFO: disassemble: view=around_pc count=33 reference=0x0000003C
[2025-11-13 10:39:02,969] DEBUG: Resolved source longrun/main.c -> /home/warloc/git/HSX/examples/demos/longrun/main.c (ref=1)
[2025-11-13 10:39:02,979] INFO: disassemble: view=from_addr count=1 reference=n/a
[2025-11-13 10:39:03,055] INFO: disassemble: view=from_addr count=1 reference=n/a
[2025-11-13 10:39:03,128] INFO: disassemble: view=from_addr count=1 reference=n/a
[2025-11-13 10:39:03,136] INFO: disassemble: view=from_addr count=1 reference=n/a
[2025-11-13 10:39:03,143] INFO: disassemble: view=from_addr count=1 reference=n/a
[2025-11-13 10:39:03,147] INFO: disassemble: view=from_addr count=1 reference=n/a
[2025-11-13 10:39:03,149] INFO: disassemble: view=from_addr count=1 reference=n/a
[2025-11-13 10:39:03,151] INFO: disassemble: view=from_addr count=1 reference=n/a
[2025-11-13 10:39:03,152] INFO: disassemble: view=from_addr count=1 reference=n/a
[2025-11-13 10:39:03,153] INFO: disassemble: view=from_addr count=1 reference=n/a
[2025-11-13 10:39:03,159] DEBUG: Resolved source longrun/main.c -> /home/warloc/git/HSX/examples/demos/longrun/main.c (ref=1)
[2025-11-13 10:39:03,159] INFO: disassemble: view=from_addr count=1 reference=n/a
[2025-11-13 10:39:03,161] DEBUG: Resolved source longrun/main.c -> /home/warloc/git/HSX/examples/demos/longrun/main.c (ref=1)
[2025-11-13 10:39:03,162] INFO: disassemble: view=from_addr count=1 reference=n/a
[2025-11-13 10:39:03,163] DEBUG: Resolved source longrun/main.c -> /home/warloc/git/HSX/examples/demos/longrun/main.c (ref=1)
[2025-11-13 10:39:03,163] INFO: disassemble: view=from_addr count=1 reference=n/a
[2025-11-13 12:16:18,653] WARNING: connection lost (transport timeout); retrying (attempt 1)
[2025-11-13 12:16:20,155] WARNING: Debugger backend error (session.open failed: pid_locked:1); attempting reconnect
[2025-11-13 12:16:20,155] INFO: Connecting to executive at 127.0.0.1:9998 (PID 1, observer=False)
[2025-11-13 12:16:20,156] DEBUG: Remote breakpoint poll failed
Traceback (most recent call last):
  File "/home/warloc/git/HSX/python/hsx_dbg/backend.py", line 174, in request
    return session.request(payload)
           ~~~~~~~~~~~~~~~^^^^^^^^^
  File "/home/warloc/git/HSX/python/executive_session.py", line 148, in request
    self._ensure_session(force=attempt > 0)
    ~~~~~~~~~~~~~~~~~~~~^^^^^^^^^^^^^^^^^^^
  File "/home/warloc/git/HSX/python/executive_session.py", line 648, in _ensure_session
    raise ExecutiveSessionError(f"session.open failed: {error}")
python.executive_session.ExecutiveSessionError: session.open failed: pid_locked:1

The above exception was the direct cause of the following exception:

Traceback (most recent call last):
  File "/home/warloc/git/HSX/python/hsx_dap/__init__.py", line 1040, in _call_backend
    return func(*args, **kwargs)
  File "/home/warloc/git/HSX/python/hsx_dbg/backend.py", line 236, in list_breakpoints
    resp = self.request({"cmd": "bp", "op": "list", "pid": pid})
  File "/home/warloc/git/HSX/python/hsx_dbg/backend.py", line 176, in request
    raise DebuggerBackendError(str(exc)) from exc
hsx_dbg.backend.DebuggerBackendError: session.open failed: pid_locked:1

During handling of the above exception, another exception occurred:

Traceback (most recent call last):
  File "/home/warloc/git/HSX/python/hsx_dap/__init__.py", line 2037, in _run_remote_breakpoint_poll
    self._sync_remote_breakpoints()
    ~~~~~~~~~~~~~~~~~~~~~~~~~~~~~^^
  File "/home/warloc/git/HSX/python/hsx_dap/__init__.py", line 1480, in _sync_remote_breakpoints
    entries = self._call_backend("list_breakpoints", self.current_pid)
  File "/home/warloc/git/HSX/python/hsx_dap/__init__.py", line 1045, in _call_backend
    if self._attempt_reconnect(exc):
       ~~~~~~~~~~~~~~~~~~~~~~~^^^^^
  File "/home/warloc/git/HSX/python/hsx_dap/__init__.py", line 1951, in _attempt_reconnect
    self._connect(**self._connection_config)
    ~~~~~~~~~~~~~^^^^^^^^^^^^^^^^^^^^^^^^^^^
  File "/home/warloc/git/HSX/python/hsx_dap/__init__.py", line 939, in _connect
    started = backend.start_event_stream(
        filters={"pid": [pid], "categories": self._EVENT_CATEGORIES},
        callback=self._handle_exec_event,
        ack_interval=16,
    )
  File "/home/warloc/git/HSX/python/hsx_dbg/backend.py", line 150, in start_event_stream
    return session.start_event_stream(filters=filters, callback=callback, ack_interval=ack_interval)
           ~~~~~~~~~~~~~~~~~~~~~~~~~~^^^^^^^^^^^^^^^^^^^^^^^^^^^^^^^^^^^^^^^^^^^^^^^^^^^^^^^^^^^^^^^
  File "/home/warloc/git/HSX/python/executive_session.py", line 194, in start_event_stream
    self._ensure_session()
    ~~~~~~~~~~~~~~~~~~~~^^
  File "/home/warloc/git/HSX/python/executive_session.py", line 648, in _ensure_session
    raise ExecutiveSessionError(f"session.open failed: {error}")
python.executive_session.ExecutiveSessionError: session.open failed: pid_locked:1
